Archive member included to satisfy reference by file (symbol)

C:/ST/STM32CubeIDE_1.12.1/STM32CubeIDE/plugins/com.st.stm32cube.ide.mcu.externaltools.gnu-tools-for-stm32.11.3.rel1.win32_1.1.100.202309141235/tools/bin/../lib/gcc/arm-none-eabi/11.3.1/../../../../arm-none-eabi/lib/thumb/v7e-m+fp/hard\libc_nano.a(libc_a-exit.o)
                              C:/ST/STM32CubeIDE_1.12.1/STM32CubeIDE/plugins/com.st.stm32cube.ide.mcu.externaltools.gnu-tools-for-stm32.11.3.rel1.win32_1.1.100.202309141235/tools/bin/../lib/gcc/arm-none-eabi/11.3.1/../../../../arm-none-eabi/lib/thumb/v7e-m+fp/hard/crt0.o (exit)
C:/ST/STM32CubeIDE_1.12.1/STM32CubeIDE/plugins/com.st.stm32cube.ide.mcu.externaltools.gnu-tools-for-stm32.11.3.rel1.win32_1.1.100.202309141235/tools/bin/../lib/gcc/arm-none-eabi/11.3.1/../../../../arm-none-eabi/lib/thumb/v7e-m+fp/hard\libc_nano.a(libc_a-findfp.o)
                              C:/ST/STM32CubeIDE_1.12.1/STM32CubeIDE/plugins/com.st.stm32cube.ide.mcu.externaltools.gnu-tools-for-stm32.11.3.rel1.win32_1.1.100.202309141235/tools/bin/../lib/gcc/arm-none-eabi/11.3.1/../../../../arm-none-eabi/lib/thumb/v7e-m+fp/hard\libc_nano.a(libc_a-exit.o) (__stdio_exit_handler)
C:/ST/STM32CubeIDE_1.12.1/STM32CubeIDE/plugins/com.st.stm32cube.ide.mcu.externaltools.gnu-tools-for-stm32.11.3.rel1.win32_1.1.100.202309141235/tools/bin/../lib/gcc/arm-none-eabi/11.3.1/../../../../arm-none-eabi/lib/thumb/v7e-m+fp/hard\libc_nano.a(libc_a-fwalk.o)
                              C:/ST/STM32CubeIDE_1.12.1/STM32CubeIDE/plugins/com.st.stm32cube.ide.mcu.externaltools.gnu-tools-for-stm32.11.3.rel1.win32_1.1.100.202309141235/tools/bin/../lib/gcc/arm-none-eabi/11.3.1/../../../../arm-none-eabi/lib/thumb/v7e-m+fp/hard\libc_nano.a(libc_a-findfp.o) (_fwalk_sglue)
C:/ST/STM32CubeIDE_1.12.1/STM32CubeIDE/plugins/com.st.stm32cube.ide.mcu.externaltools.gnu-tools-for-stm32.11.3.rel1.win32_1.1.100.202309141235/tools/bin/../lib/gcc/arm-none-eabi/11.3.1/../../../../arm-none-eabi/lib/thumb/v7e-m+fp/hard\libc_nano.a(libc_a-stdio.o)
                              C:/ST/STM32CubeIDE_1.12.1/STM32CubeIDE/plugins/com.st.stm32cube.ide.mcu.externaltools.gnu-tools-for-stm32.11.3.rel1.win32_1.1.100.202309141235/tools/bin/../lib/gcc/arm-none-eabi/11.3.1/../../../../arm-none-eabi/lib/thumb/v7e-m+fp/hard\libc_nano.a(libc_a-findfp.o) (__sread)
C:/ST/STM32CubeIDE_1.12.1/STM32CubeIDE/plugins/com.st.stm32cube.ide.mcu.externaltools.gnu-tools-for-stm32.11.3.rel1.win32_1.1.100.202309141235/tools/bin/../lib/gcc/arm-none-eabi/11.3.1/../../../../arm-none-eabi/lib/thumb/v7e-m+fp/hard\libc_nano.a(libc_a-memset.o)
                              C:/ST/STM32CubeIDE_1.12.1/STM32CubeIDE/plugins/com.st.stm32cube.ide.mcu.externaltools.gnu-tools-for-stm32.11.3.rel1.win32_1.1.100.202309141235/tools/bin/../lib/gcc/arm-none-eabi/11.3.1/../../../../arm-none-eabi/lib/thumb/v7e-m+fp/hard/crt0.o (memset)
C:/ST/STM32CubeIDE_1.12.1/STM32CubeIDE/plugins/com.st.stm32cube.ide.mcu.externaltools.gnu-tools-for-stm32.11.3.rel1.win32_1.1.100.202309141235/tools/bin/../lib/gcc/arm-none-eabi/11.3.1/../../../../arm-none-eabi/lib/thumb/v7e-m+fp/hard\libc_nano.a(libc_a-closer.o)
                              C:/ST/STM32CubeIDE_1.12.1/STM32CubeIDE/plugins/com.st.stm32cube.ide.mcu.externaltools.gnu-tools-for-stm32.11.3.rel1.win32_1.1.100.202309141235/tools/bin/../lib/gcc/arm-none-eabi/11.3.1/../../../../arm-none-eabi/lib/thumb/v7e-m+fp/hard\libc_nano.a(libc_a-stdio.o) (_close_r)
C:/ST/STM32CubeIDE_1.12.1/STM32CubeIDE/plugins/com.st.stm32cube.ide.mcu.externaltools.gnu-tools-for-stm32.11.3.rel1.win32_1.1.100.202309141235/tools/bin/../lib/gcc/arm-none-eabi/11.3.1/../../../../arm-none-eabi/lib/thumb/v7e-m+fp/hard\libc_nano.a(libc_a-reent.o)
                              C:/ST/STM32CubeIDE_1.12.1/STM32CubeIDE/plugins/com.st.stm32cube.ide.mcu.externaltools.gnu-tools-for-stm32.11.3.rel1.win32_1.1.100.202309141235/tools/bin/../lib/gcc/arm-none-eabi/11.3.1/../../../../arm-none-eabi/lib/thumb/v7e-m+fp/hard\libc_nano.a(libc_a-closer.o) (errno)
C:/ST/STM32CubeIDE_1.12.1/STM32CubeIDE/plugins/com.st.stm32cube.ide.mcu.externaltools.gnu-tools-for-stm32.11.3.rel1.win32_1.1.100.202309141235/tools/bin/../lib/gcc/arm-none-eabi/11.3.1/../../../../arm-none-eabi/lib/thumb/v7e-m+fp/hard\libc_nano.a(libc_a-impure.o)
                              C:/ST/STM32CubeIDE_1.12.1/STM32CubeIDE/plugins/com.st.stm32cube.ide.mcu.externaltools.gnu-tools-for-stm32.11.3.rel1.win32_1.1.100.202309141235/tools/bin/../lib/gcc/arm-none-eabi/11.3.1/../../../../arm-none-eabi/lib/thumb/v7e-m+fp/hard\libc_nano.a(libc_a-reent.o) (_impure_ptr)
C:/ST/STM32CubeIDE_1.12.1/STM32CubeIDE/plugins/com.st.stm32cube.ide.mcu.externaltools.gnu-tools-for-stm32.11.3.rel1.win32_1.1.100.202309141235/tools/bin/../lib/gcc/arm-none-eabi/11.3.1/../../../../arm-none-eabi/lib/thumb/v7e-m+fp/hard\libc_nano.a(libc_a-lseekr.o)
[...]
Memory Configuration

Name             Origin             Length             Attributes
RAM              0x0000000020000000 0x0000000000018000 xrw
FLASH            0x0000000008000000 0x0000000000080000 xr
*default*        0x0000000000000000 0xffffffffffffffff

Linker script and memory map

LOAD C:/ST/STM32CubeIDE_1.12.1/STM32CubeIDE/plugins/com.st.stm32cube.ide.mcu.externaltools.gnu-tools-for-stm32.11.3.rel1.win32_1.1.100.202309141235/tools/bin/../lib/gcc/arm-none-eabi/11.3.1/thumb/v7e-m+fp/hard/crti.o
LOAD C:/ST/STM32CubeIDE_1.12.1/STM32CubeIDE/plugins/com.st.stm32cube.ide.mcu.externaltools.gnu-tools-for-stm32.11.3.rel1.win32_1.1.100.202309141235/tools/bin/../lib/gcc/arm-none-eabi/11.3.1/thumb/v7e-m+fp/hard/crtbegin.o
LOAD C:/ST/STM32CubeIDE_1.12.1/STM32CubeIDE/plugins/com.st.stm32cube.ide.mcu.externaltools.gnu-tools-for-stm32.11.3.rel1.win32_1.1.100.202309141235/tools/bin/../lib/gcc/arm-none-eabi/11.3.1/../../../../arm-none-eabi/lib/thumb/v7e-m+fp/hard/crt0.o
LOAD ./Drivers/stm32f401_gpio.o
LOAD ./Drivers/stm32f401_i2c.o
LOAD ./Drivers/stm32f401_rcc.o
LOAD ./Drivers/stm32f401_uart.o
LOAD ./Src/I2C_Example.o
LOAD ./Src/syscalls.o
LOAD ./Src/sysmem.o
LOAD ./Startup/startup_stm32f401retx.o
START GROUP
LOAD C:/ST/STM32CubeIDE_1.12.1/STM32CubeIDE/plugins/com.st.stm32cube.ide.mcu.externaltools.gnu-tools-for-stm32.11.3.rel1.win32_1.1.100.202309141235/tools/bin/../lib/gcc/arm-none-eabi/11.3.1/../../../../arm-none-eabi/lib/thumb/v7e-m+fp/hard\libc_nano.a
LOAD C:/ST/STM32CubeIDE_1.12.1/STM32CubeIDE/plugins/com.st.stm32cube.ide.mcu.externaltools.gnu-tools-for-stm32.11.3.rel1.win32_1.1.100.202309141235/tools/bin/../lib/gcc/arm-none-eabi/11.3.1/../../../../arm-none-eabi/lib/thumb/v7e-m+fp/hard\libm.a
END GROUP
START GROUP
LOAD C:/ST/STM32CubeIDE_1.12.1/STM32CubeIDE/plugins/com.st.stm32cube.ide.mcu.externaltools.gnu-tools-for-stm32.11.3.rel1.win32_1.1.100.202309141235/tools/bin/../lib/gcc/arm-none-eabi/11.3.1/thumb/v7e-m+fp/hard\libgcc.a
LOAD C:/ST/STM32CubeIDE_1.12.1/STM32CubeIDE/plugins/com.st.stm32cube.ide.mcu.externaltools.gnu-tools-for-stm32.11.3.rel1.win32_1.1.100.202309141235/tools/bin/../lib/gcc/arm-none-eabi/11.3.1/../../../../arm-none-eabi/lib/thumb/v7e-m+fp/hard\libc_nano.a
END GROUP
START GROUP
LOAD C:/ST/STM32CubeIDE_1.12.1/STM32CubeIDE/plugins/com.st.stm32cube.ide.mcu.externaltools.gnu-tools-for-stm32.11.3.rel1.win32_1.1.100.202309141235/tools/bin/../lib/gcc/arm-none-eabi/11.3.1/thumb/v7e-m+fp/hard\libgcc.a
LOAD C:/ST/STM32CubeIDE_1.12.1/STM32CubeIDE/plugins/com.st.stm32cube.ide.mcu.externaltools.gnu-tools-for-stm32.11.3.rel1.win32_1.1.100.202309141235/tools/bin/../lib/gcc/arm-none-eabi/11.3.1/../../../../arm-none-eabi/lib/thumb/v7e-m+fp/hard\libc_nano.a
LOAD C:/ST/STM32CubeIDE_1.12.1/STM32CubeIDE/plugins/com.st.stm32cube.ide.mcu.externaltools.gnu-tools-for-stm32.11.3.rel1.win32_1.1.100.202309141235/tools/bin/../lib/gcc/arm-none-eabi/11.3.1/../../../../arm-none-eabi/lib/thumb/v7e-m+fp/hard\libnosys.a
END GROUP
START GROUP
LOAD C:/ST/STM32CubeIDE_1.12.1/STM32CubeIDE/plugins/com.st.stm32cube.ide.mcu.externaltools.gnu-tools-for-stm32.11.3.rel1.win32_1.1.100.202309141235/tools/bin/../lib/gcc/arm-none-eabi/11.3.1/thumb/v7e-m+fp/hard\libgcc.a
LOAD C:/ST/STM32CubeIDE_1.12.1/STM32CubeIDE/plugins/com.st.stm32cube.ide.mcu.externaltools.gnu-tools-for-stm32.11.3.rel1.win32_1.1.100.202309141235/tools/bin/../lib/gcc/arm-none-eabi/11.3.1/../../../../arm-none-eabi/lib/thumb/v7e-m+fp/hard\libc_nano.a
LOAD C:/ST/STM32CubeIDE_1.12.1/STM32CubeIDE/plugins/com.st.stm32cube.ide.mcu.externaltools.gnu-tools-for-stm32.11.3.rel1.win32_1.1.100.202309141235/tools/bin/../lib/gcc/arm-none-eabi/11.3.1/../../../../arm-none-eabi/lib/thumb/v7e-m+fp/hard\libnosys.a
END GROUP
LOAD C:/ST/STM32CubeIDE_1.12.1/STM32CubeIDE/plugins/com.st.stm32cube.ide.mcu.externaltools.gnu-tools-for-stm32.11.3.rel1.win32_1.1.100.202309141235/tools/bin/../lib/gcc/arm-none-eabi/11.3.1/thumb/v7e-m+fp/hard/crtend.o
LOAD C:/ST/STM32CubeIDE_1.12.1/STM32CubeIDE/plugins/com.st.stm32cube.ide.mcu.externaltools.gnu-tools-for-stm32.11.3.rel1.win32_1.1.100.202309141235/tools/bin/../lib/gcc/arm-none-eabi/11.3.1/thumb/v7e-m+fp/hard/crtn.o
                0x0000000020018000                _estack = (ORIGIN (RAM) + LENGTH (RAM))
                0x0000000000000200                _Min_Heap_Size = 0x200
                0x0000000000000400                _Min_Stack_Size = 0x400

.isr_vector     0x0000000008000000      0x194
                0x0000000008000000                . = ALIGN (0x4)
 *(.isr_vector)
 .isr_vector    0x0000000008000000      0x194 ./Startup/startup_stm32f401retx.o
                0x0000000008000000                g_pfnVectors
                0x0000000008000194                . = ALIGN (0x4)

.text           0x0000000008000194     0x1144
                0x0000000008000194                . = ALIGN (0x4)
 *(.text)
 .text          0x0000000008000194       0x40 C:/ST/STM32CubeIDE_1.12.1/STM32CubeIDE/plugins/com.st.stm32cube.ide.mcu.externaltools.gnu-tools-for-stm32.11.3.rel1.win32_1.1.100.202309141235/tools/bin/../lib/gcc/arm-none-eabi/11.3.1/thumb/v7e-m+fp/hard/crtbegin.o
 *(.text*)
 .text.GPIO_Config
                0x00000000080001d4       0x48 ./Drivers/stm32f401_gpio.o
                0x00000000080001d4                GPIO_Config
 .text.GPIO_PeriphClck
                0x000000000800021c      0x108 ./Drivers/stm32f401_gpio.o
                0x000000000800021c                GPIO_PeriphClck
 .text.GPIO_AlternateFunctionConfig
                0x0000000008000324       0x7e ./Drivers/stm32f401_gpio.o
                0x0000000008000324                GPIO_AlternateFunctionConfig
 *fill*         0x00000000080003a2        0x2 
 .text.GPIO_Init
                0x00000000080003a4      0x254 ./Drivers/stm32f401_gpio.o
                0x00000000080003a4                GPIO_Init
 .text.Enable_I2C_Periph
                0x00000000080005f8       0x40 ./Drivers/stm32f401_i2c.o
 .text.Generate_Start_Condition
                0x0000000008000638       0x24 ./Drivers/stm32f401_i2c.o
 .text.Check_Flag
                0x000000000800065c       0x2a ./Drivers/stm32f401_i2c.o
 .text.Generate_Stop_Condition
                0x0000000008000686       0x24 ./Drivers/stm32f401_i2c.o
 .text.Send_Slave_Address
                0x00000000080006aa       0x46 ./Drivers/stm32f401_i2c.o
 .text.Clear_Addr_Flag
                0x00000000080006f0       0x5c ./Drivers/stm32f401_i2c.o
 .text.I2C_Config
                0x000000000800074c       0x38 ./Drivers/stm32f401_i2c.o
                0x000000000800074c                I2C_Config
 .text.I2C_DeInit
                0x0000000008000784       0x80 ./Drivers/stm32f401_i2c.o
                0x0000000008000784                I2C_DeInit
 .text.I2C_Init
                0x0000000008000804      0x1d4 ./Drivers/stm32f401_i2c.o
                0x0000000008000804                I2C_Init
 .text.I2C_MasterTransmit
                0x00000000080009d8       0xc6 ./Drivers/stm32f401_i2c.o
                0x00000000080009d8                I2C_MasterTransmit
 .text.I2C_MasterRecieve
                0x0000000008000a9e       0xf8 ./Drivers/stm32f401_i2c.o
                0x0000000008000a9e                I2C_MasterRecieve
 *fill*         0x0000000008000b96        0x2 
 .text.RCC_AHB1Cmd
                0x0000000008000b98       0x40 ./Drivers/stm32f401_rcc.o
                0x0000000008000b98                RCC_AHB1Cmd
 .text.RCC_APB1Cmd
                0x0000000008000bd8       0x40 ./Drivers/stm32f401_rcc.o
                0x0000000008000bd8                RCC_APB1Cmd
 .text.RCC_APB2Cmd
                0x0000000008000c18       0x40 ./Drivers/stm32f401_rcc.o
                0x0000000008000c18                RCC_APB2Cmd
 .text.RCC_GetClockFreq
                0x0000000008000c58      0x140 ./Drivers/stm32f401_rcc.o
                0x0000000008000c58                RCC_GetClockFreq
 .text.UART_Config
                0x0000000008000d98       0x46 ./Drivers/stm32f401_uart.o
                0x0000000008000d98                UART_Config
 .text.Select_UART_Periph
                0x0000000008000dde       0x6c ./Drivers/stm32f401_uart.o
                0x0000000008000dde                Select_UART_Periph
 *fill*         0x0000000008000e4a        0x2 
 .text.Enable_UART_Periph
                0x0000000008000e4c       0x94 ./Drivers/stm32f401_uart.o
                0x0000000008000e4c                Enable_UART_Periph
 .text.Set_BaudRate
                0x0000000008000ee0       0xfc ./Drivers/stm32f401_uart.o
                0x0000000008000ee0                Set_BaudRate
 .text.UART_Init
                0x0000000008000fdc       0xea ./Drivers/stm32f401_uart.o
                0x0000000008000fdc                UART_Init
 .text.WriteByte
                0x00000000080010c6       0x9e ./Drivers/stm32f401_uart.o
                0x00000000080010c6                WriteByte
 .text.main     0x0000000008001164       0xc0 ./Src/I2C_Example.o
                0x0000000008001164                main
 .text.Reset_Handler
                0x0000000008001224       0x50 ./Startup/startup_stm32f401retx.o
                0x0000000008001224                Reset_Handler
 .text.Default_Handler
                0x0000000008001274        0x2 ./Startup/startup_stm32f401retx.o
                0x0000000008001274                EXTI2_IRQHandler
                0x0000000008001274                DebugMon_Handler
                0x0000000008001274                SPI4_IRQHandler
                0x0000000008001274                TIM1_CC_IRQHandler
                0x0000000008001274                DMA2_Stream5_IRQHandler
                0x0000000008001274                HardFault_Handler
                0x0000000008001274                DMA1_Stream5_IRQHandler
                0x0000000008001274                SysTick_Handler
                0x0000000008001274                SDIO_IRQHandler
                0x0000000008001274                TAMP_STAMP_IRQHandler
                0x0000000008001274                PendSV_Handler
                0x0000000008001274                NMI_Handler
                0x0000000008001274                EXTI3_IRQHandler
                0x0000000008001274                TIM1_UP_TIM10_IRQHandler
                0x0000000008001274                I2C3_ER_IRQHandler
                0x0000000008001274                EXTI18_OTG_FS_WKUP_IRQHandler
                0x0000000008001274                EXTI0_IRQHandler
                0x0000000008001274                I2C2_EV_IRQHandler
                0x0000000008001274                DMA1_Stream2_IRQHandler
                0x0000000008001274                UsageFault_Handler
                0x0000000008001274                DMA2_Stream2_IRQHandler
                0x0000000008001274                SPI1_IRQHandler
                0x0000000008001274                TIM1_BRK_TIM9_IRQHandler
                0x0000000008001274                DMA2_Stream3_IRQHandler
                0x0000000008001274                USART6_IRQHandler
                0x0000000008001274                DMA2_Stream0_IRQHandler
                0x0000000008001274                TIM4_IRQHandler
                0x0000000008001274                I2C1_EV_IRQHandler
                0x0000000008001274                DMA1_Stream6_IRQHandler
                0x0000000008001274                DMA1_Stream1_IRQHandler
                0x0000000008001274                TIM3_IRQHandler
                0x0000000008001274                RCC_IRQHandler
                0x0000000008001274                Default_Handler
                0x0000000008001274                EXTI15_10_IRQHandler
                0x0000000008001274                ADC_IRQHandler
                0x0000000008001274                DMA1_Stream7_IRQHandler
                0x0000000008001274                TIM5_IRQHandler
                0x0000000008001274                DMA2_Stream7_IRQHandler
                0x0000000008001274                I2C3_EV_IRQHandler
                0x0000000008001274                EXTI9_5_IRQHandler
                0x0000000008001274                SPI2_IRQHandler
                0x0000000008001274                MemManage_Handler
                0x0000000008001274                DMA1_Stream0_IRQHandler
                0x0000000008001274                SVC_Handler
                0x0000000008001274                EXTI4_IRQHandler
                0x0000000008001274                EXTI22_RTC_WKUP_IRQHandler
                0x0000000008001274                TIM2_IRQHandler
                0x0000000008001274                EXTI16_PVD_IRQHandler
                0x0000000008001274                TIM1_TRG_COM_TIM11_IRQHandler
                0x0000000008001274                EXTI1_IRQHandler
                0x0000000008001274                EXTI17_RTC_Alarm_IRQHandler
                0x0000000008001274                USART2_IRQHandler
                0x0000000008001274                I2C2_ER_IRQHandler
                0x0000000008001274                DMA2_Stream1_IRQHandler
                0x0000000008001274                FLASH_IRQHandler
                0x0000000008001274                DMA2_Stream4_IRQHandler
                0x0000000008001274                BusFault_Handler
                0x0000000008001274                USART1_IRQHandler
                0x0000000008001274                OTG_FS_IRQHandler
                0x0000000008001274                SPI3_IRQHandler
                0x0000000008001274                DMA1_Stream4_IRQHandler
                0x0000000008001274                I2C1_ER_IRQHandler
                0x0000000008001274                DMA2_Stream6_IRQHandler
                0x0000000008001274                DMA1_Stream3_IRQHandler
 *fill*         0x0000000008001276        0x2 
 .text.__libc_init_array
                0x0000000008001278       0x48 C:/ST/STM32CubeIDE_1.12.1/STM32CubeIDE/plugins/com.st.stm32cube.ide.mcu.externaltools.gnu-tools-for-stm32.11.3.rel1.win32_1.1.100.202309141235/tools/bin/../lib/gcc/arm-none-eabi/11.3.1/../../../../arm-none-eabi/lib/thumb/v7e-m+fp/hard\libc_nano.a(libc_a-init.o)
                0x0000000008001278                __libc_init_array
 *(.glue_7)
 .glue_7        0x00000000080012c0        0x0 linker stubs
 *(.glue_7t)
 .glue_7t       0x00000000080012c0        0x0 linker stubs
 *(.eh_frame)
 .eh_frame      0x00000000080012c0        0x0 C:/ST/STM32CubeIDE_1.12.1/STM32CubeIDE/plugins/com.st.stm32cube.ide.mcu.externaltools.gnu-tools-for-stm32.11.3.rel1.win32_1.1.100.202309141235/tools/bin/../lib/gcc/arm-none-eabi/11.3.1/thumb/v7e-m+fp/hard/crtbegin.o
 *(.init)
 .init          0x00000000080012c0        0x4 C:/ST/STM32CubeIDE_1.12.1/STM32CubeIDE/plugins/com.st.stm32cube.ide.mcu.externaltools.gnu-tools-for-stm32.11.3.rel1.win32_1.1.100.202309141235/tools/bin/../lib/gcc/arm-none-eabi/11.3.1/thumb/v7e-m+fp/hard/crti.o
                0x00000000080012c0                _init
 .init          0x00000000080012c4        0x8 C:/ST/STM32CubeIDE_1.12.1/STM32CubeIDE/plugins/com.st.stm32cube.ide.mcu.externaltools.gnu-tools-for-stm32.11.3.rel1.win32_1.1.100.202309141235/tools/bin/../lib/gcc/arm-none-eabi/11.3.1/thumb/v7e-m+fp/hard/crtn.o
 *(.fini)
 .fini          0x00000000080012cc        0x4 C:/ST/STM32CubeIDE_1.12.1/STM32CubeIDE/plugins/com.st.stm32cube.ide.mcu.externaltools.gnu-tools-for-stm32.11.3.rel1.win32_1.1.100.202309141235/tools/bin/../lib/gcc/arm-none-eabi/11.3.1/thumb/v7e-m+fp/hard/crti.o
                0x00000000080012cc                _fini
 .fini          0x00000000080012d0        0x8 C:/ST/STM32CubeIDE_1.12.1/STM32CubeIDE/plugins/com.st.stm32cube.ide.mcu.externaltools.gnu-tools-for-stm32.11.3.rel1.win32_1.1.100.202309141235/tools/bin/../lib/gcc/arm-none-eabi/11.3.1/thumb/v7e-m+fp/hard/crtn.o
                0x00000000080012d8                . = ALIGN (0x4)
                0x00000000080012d8                _etext = .

.vfp11_veneer   0x00000000080012d8        0x0
 .vfp11_veneer  0x00000000080012d8        0x0 linker stubs

.v4_bx          0x00000000080012d8        0x0
 .v4_bx         0x00000000080012d8        0x0 linker stubs

.iplt           0x00000000080012d8        0x0
 .iplt          0x00000000080012d8        0x0 C:/ST/STM32CubeIDE_1.12.1/STM32CubeIDE/plugins/com.st.stm32cube.ide.mcu.externaltools.gnu-tools-for-stm32.11.3.rel1.win32_1.1.100.202309141235/tools/bin/../lib/gcc/arm-none-eabi/11.3.1/thumb/v7e-m+fp/hard/crtbegin.o

.rodata         0x00000000080012d8        0x8
                0x00000000080012d8                . = ALIGN (0x4)
 *(.rodata)
 .rodata        0x00000000080012d8        0x8 ./Src/I2C_Example.o
 *(.rodata*)
                0x00000000080012e0                . = ALIGN (0x4)

.rel.dyn        0x00000000080012e0        0x0
 .rel.iplt      0x00000000080012e0        0x0 C:/ST/STM32CubeIDE_1.12.1/STM32CubeIDE/plugins/com.st.stm32cube.ide.mcu.externaltools.gnu-tools-for-stm32.11.3.rel1.win32_1.1.100.202309141235/tools/bin/../lib/gcc/arm-none-eabi/11.3.1/thumb/v7e-m+fp/hard/crtbegin.o

.ARM.extab      0x00000000080012e0        0x0
                0x00000000080012e0                . = ALIGN (0x4)
 *(.ARM.extab* .gnu.linkonce.armextab.*)
                0x00000000080012e0                . = ALIGN (0x4)

.ARM            0x00000000080012e0        0x0
                0x00000000080012e0                . = ALIGN (0x4)
                0x00000000080012e0                __exidx_start = .
 *(.ARM.exidx*)
                0x00000000080012e0                __exidx_end = .
                0x00000000080012e0                . = ALIGN (0x4)

.preinit_array  0x00000000080012e0        0x0
                0x00000000080012e0                . = ALIGN (0x4)
                0x00000000080012e0                PROVIDE (__preinit_array_start = .)
 *(.preinit_array*)
                0x00000000080012e0                PROVIDE (__preinit_array_end = .)
                0x00000000080012e0                . = ALIGN (0x4)

.init_array     0x00000000080012e0        0x4
                0x00000000080012e0                . = ALIGN (0x4)
                0x00000000080012e0                PROVIDE (__init_array_start = .)
 *(SORT_BY_NAME(.init_array.*))
 *(.init_array*)
 .init_array    0x00000000080012e0        0x4 C:/ST/STM32CubeIDE_1.12.1/STM32CubeIDE/plugins/com.st.stm32cube.ide.mcu.externaltools.gnu-tools-for-stm32.11.3.rel1.win32_1.1.100.202309141235/tools/bin/../lib/gcc/arm-none-eabi/11.3.1/thumb/v7e-m+fp/hard/crtbegin.o
                0x00000000080012e4                PROVIDE (__init_array_end = .)
                0x00000000080012e4                . = ALIGN (0x4)

.fini_array     0x00000000080012e4        0x4
                0x00000000080012e4                . = ALIGN (0x4)
                [!provide]                        PROVIDE (__fini_array_start = .)
 *(SORT_BY_NAME(.fini_array.*))
 *(.fini_array*)
 .fini_array    0x00000000080012e4        0x4 C:/ST/STM32CubeIDE_1.12.1/STM32CubeIDE/plugins/com.st.stm32cube.ide.mcu.externaltools.gnu-tools-for-stm32.11.3.rel1.win32_1.1.100.202309141235/tools/bin/../lib/gcc/arm-none-eabi/11.3.1/thumb/v7e-m+fp/hard/crtbegin.o
                [!provide]                        PROVIDE (__fini_array_end = .)
                0x00000000080012e8                . = ALIGN (0x4)
                0x00000000080012e8                _sidata = LOADADDR (.data)

.data           0x0000000020000000       0x20 load address 0x00000000080012e8
                0x0000000020000000                . = ALIGN (0x4)
                0x0000000020000000                _sdata = .
 *(.data)
 *(.data*)
 .data.prescalerTable
                0x0000000020000000       0x20 ./Drivers/stm32f401_rcc.o
 *(.RamFunc)
 *(.RamFunc*)
                0x0000000020000020                . = ALIGN (0x4)
                0x0000000020000020                _edata = .

.igot.plt       0x0000000020000020        0x0 load address 0x0000000008001308
 .igot.plt      0x0000000020000020        0x0 C:/ST/STM32CubeIDE_1.12.1/STM32CubeIDE/plugins/com.st.stm32cube.ide.mcu.externaltools.gnu-tools-for-stm32.11.3.rel1.win32_1.1.100.202309141235/tools/bin/../lib/gcc/arm-none-eabi/11.3.1/thumb/v7e-m+fp/hard/crtbegin.o
                0x0000000020000020                . = ALIGN (0x4)

.bss            0x0000000020000020       0x50 load address 0x0000000008001308
                0x0000000020000020                _sbss = .
                0x0000000020000020                __bss_start__ = _sbss
 *(.bss)
 .bss           0x0000000020000020       0x1c C:/ST/STM32CubeIDE_1.12.1/STM32CubeIDE/plugins/com.st.stm32cube.ide.mcu.externaltools.gnu-tools-for-stm32.11.3.rel1.win32_1.1.100.202309141235/tools/bin/../lib/gcc/arm-none-eabi/11.3.1/thumb/v7e-m+fp/hard/crtbegin.o
 *(.bss*)
 .bss.I2C_Example
                0x000000002000003c       0x20 ./Src/I2C_Example.o
                0x000000002000003c                I2C_Example
 .bss.UART2     0x000000002000005c       0x14 ./Src/I2C_Example.o
                0x000000002000005c                UART2
 *(COMMON)
                0x0000000020000070                . = ALIGN (0x4)
                0x0000000020000070                _ebss = .
                0x0000000020000070                __bss_end__ = _ebss

._user_heap_stack
                0x0000000020000070      0x600 load address 0x0000000008001308
                0x0000000020000070                . = ALIGN (0x8)
                [!provide]                        PROVIDE (end = .)
                0x0000000020000070                PROVIDE (_end = .)
                0x0000000020000270                . = (. + _Min_Heap_Size)
 *fill*         0x0000000020000070      0x200 
                0x0000000020000670                . = (. + _Min_Stack_Size)
 *fill*         0x0000000020000270      0x400 
                0x0000000020000670                . = ALIGN (0x8)

/DISCARD/
 libc.a(*)
 libm.a(*)
 libgcc.a(*)

.ARM.attributes
                0x0000000000000000       0x30
 *(.ARM.attributes)
 .ARM.attributes
                0x0000000000000000       0x1e C:/ST/STM32CubeIDE_1.12.1/STM32CubeIDE/plugins/com.st.stm32cube.ide.mcu.externaltools.gnu-tools-for-stm32.11.3.rel1.win32_1.1.100.202309141235/tools/bin/../lib/gcc/arm-none-eabi/11.3.1/thumb/v7e-m+fp/hard/crti.o
 .ARM.attributes
                0x000000000000001e       0x34 C:/ST/STM32CubeIDE_1.12.1/STM32CubeIDE/plugins/com.st.stm32cube.ide.mcu.externaltools.gnu-tools-for-stm32.11.3.rel1.win32_1.1.100.202309141235/tools/bin/../lib/gcc/arm-none-eabi/11.3.1/thumb/v7e-m+fp/hard/crtbegin.o
 .ARM.attributes
                0x0000000000000052       0x34 ./Drivers/stm32f401_gpio.o
 .ARM.attributes
                0x0000000000000086       0x34 ./Drivers/stm32f401_i2c.o
 .ARM.attributes
                0x00000000000000ba       0x34 ./Drivers/stm32f401_rcc.o
 .ARM.attributes
                0x00000000000000ee       0x34 ./Drivers/stm32f401_uart.o
 .ARM.attributes
                0x0000000000000122       0x34 ./Src/I2C_Example.o
 .ARM.attributes
                0x0000000000000156       0x21 ./Startup/startup_stm32f401retx.o
 .ARM.attributes
                0x0000000000000177       0x34 C:/ST/STM32CubeIDE_1.12.1/STM32CubeIDE/plugins/com.st.stm32cube.ide.mcu.externaltools.gnu-tools-for-stm32.11.3.rel1.win32_1.1.100.202309141235/tools/bin/../lib/gcc/arm-none-eabi/11.3.1/../../../../arm-none-eabi/lib/thumb/v7e-m+fp/hard\libc_nano.a(libc_a-init.o)
 .ARM.attributes
                0x00000000000001ab       0x1e C:/ST/STM32CubeIDE_1.12.1/STM32CubeIDE/plugins/com.st.stm32cube.ide.mcu.externaltools.gnu-tools-for-stm32.11.3.rel1.win32_1.1.100.202309141235/tools/bin/../lib/gcc/arm-none-eabi/11.3.1/thumb/v7e-m+fp/hard/crtn.o
OUTPUT(I2C_Driver.elf elf32-littlearm)
LOAD linker stubs
LOAD C:/ST/STM32CubeIDE_1.12.1/STM32CubeIDE/plugins/com.st.stm32cube.ide.mcu.externaltools.gnu-tools-for-stm32.11.3.rel1.win32_1.1.100.202309141235/tools/bin/../lib/gcc/arm-none-eabi/11.3.1/../../../../arm-none-eabi/lib/thumb/v7e-m+fp/hard\libc.a
LOAD C:/ST/STM32CubeIDE_1.12.1/STM32CubeIDE/plugins/com.st.stm32cube.ide.mcu.externaltools.gnu-tools-for-stm32.11.3.rel1.win32_1.1.100.202309141235/tools/bin/../lib/gcc/arm-none-eabi/11.3.1/../../../../arm-none-eabi/lib/thumb/v7e-m+fp/hard\libm.a
LOAD C:/ST/STM32CubeIDE_1.12.1/STM32CubeIDE/plugins/com.st.stm32cube.ide.mcu.externaltools.gnu-tools-for-stm32.11.3.rel1.win32_1.1.100.202309141235/tools/bin/../lib/gcc/arm-none-eabi/11.3.1/thumb/v7e-m+fp/hard\libgcc.a

.comment        0x0000000000000000       0x86
 .comment       0x0000000000000000       0x43 C:/ST/STM32CubeIDE_1.12.1/STM32CubeIDE/plugins/com.st.stm32cube.ide.mcu.externaltools.gnu-tools-for-stm32.11.3.rel1.win32_1.1.100.202309141235/tools/bin/../lib/gcc/arm-none-eabi/11.3.1/thumb/v7e-m+fp/hard/crtbegin.o
                                         0x44 (size before relaxing)
 .comment       0x0000000000000043       0x44 ./Drivers/stm32f401_gpio.o
 .comment       0x0000000000000043       0x44 ./Drivers/stm32f401_i2c.o
 .comment       0x0000000000000043       0x43 ./Drivers/stm32f401_rcc.o
                                         0x44 (size before relaxing)
 .comment       0x0000000000000086       0x44 ./Drivers/stm32f401_uart.o
 .comment       0x0000000000000086       0x44 ./Src/I2C_Example.o

.debug_info     0x0000000000000000     0x2f56
 .debug_info    0x0000000000000000      0x99c ./Drivers/stm32f401_gpio.o
 .debug_info    0x000000000000099c      0xfb2 ./Drivers/stm32f401_i2c.o
 .debug_info    0x000000000000194e      0x668 ./Drivers/stm32f401_rcc.o
 .debug_info    0x0000000000001fb6      0xa99 ./Drivers/stm32f401_uart.o
 .debug_info    0x0000000000002a4f      0x4e4 ./Src/I2C_Example.o
 .debug_info    0x0000000000002f33       0x23 ./Startup/startup_stm32f401retx.o

.debug_abbrev   0x0000000000000000      0xae2
 .debug_abbrev  0x0000000000000000      0x2b4 ./Drivers/stm32f401_gpio.o
 .debug_abbrev  0x00000000000002b4      0x2ad ./Drivers/stm32f401_i2c.o
 .debug_abbrev  0x0000000000000561      0x1ab ./Drivers/stm32f401_rcc.o
 .debug_abbrev  0x000000000000070c      0x278 ./Drivers/stm32f401_uart.o
 .debug_abbrev  0x0000000000000984      0x14c ./Src/I2C_Example.o
 .debug_abbrev  0x0000000000000ad0       0x12 ./Startup/startup_stm32f401retx.o

.debug_aranges  0x0000000000000000      0x260
 .debug_aranges
                0x0000000000000000       0x78 ./Drivers/stm32f401_gpio.o
 .debug_aranges
                0x0000000000000078       0xb0 ./Drivers/stm32f401_i2c.o
 .debug_aranges
                0x0000000000000128       0x68 ./Drivers/stm32f401_rcc.o
 .debug_aranges
                0x0000000000000190       0x88 ./Drivers/stm32f401_uart.o
 .debug_aranges
                0x0000000000000218       0x20 ./Src/I2C_Example.o
 .debug_aranges
                0x0000000000000238       0x28 ./Startup/startup_stm32f401retx.o

.debug_rnglists
                0x0000000000000000      0x1bd
 .debug_rnglists
                0x0000000000000000       0x58 ./Drivers/stm32f401_gpio.o
 .debug_rnglists
                0x0000000000000058       0x87 ./Drivers/stm32f401_i2c.o
 .debug_rnglists
                0x00000000000000df       0x4c ./Drivers/stm32f401_rcc.o
 .debug_rnglists
                0x000000000000012b       0x65 ./Drivers/stm32f401_uart.o
 .debug_rnglists
                0x0000000000000190       0x14 ./Src/I2C_Example.o
 .debug_rnglists
                0x00000000000001a4       0x19 ./Startup/startup_stm32f401retx.o

.debug_macro    0x0000000000000000     0xe823
 .debug_macro   0x0000000000000000       0xf0 ./Drivers/stm32f401_gpio.o
 .debug_macro   0x00000000000000f0      0xab4 ./Drivers/stm32f401_gpio.o
 .debug_macro   0x0000000000000ba4       0x22 ./Drivers/stm32f401_gpio.o
 .debug_macro   0x0000000000000bc6       0x8e ./Drivers/stm32f401_gpio.o
 .debug_macro   0x0000000000000c54       0x51 ./Drivers/stm32f401_gpio.o
 .debug_macro   0x0000000000000ca5      0x103 ./Drivers/stm32f401_gpio.o
 .debug_macro   0x0000000000000da8       0x6a ./Drivers/stm32f401_gpio.o
 .debug_macro   0x0000000000000e12      0x1df ./Drivers/stm32f401_gpio.o
 .debug_macro   0x0000000000000ff1       0x28 ./Drivers/stm32f401_gpio.o
 .debug_macro   0x0000000000001019       0x28 ./Drivers/stm32f401_gpio.o
 .debug_macro   0x0000000000001041       0x1c ./Drivers/stm32f401_gpio.o
 .debug_macro   0x000000000000105d       0x22 ./Drivers/stm32f401_gpio.o
 .debug_macro   0x000000000000107f       0xd9 ./Drivers/stm32f401_gpio.o
 .debug_macro   0x0000000000001158     0x102d ./Drivers/stm32f401_gpio.o
 .debug_macro   0x0000000000002185      0x11f ./Drivers/stm32f401_gpio.o
 .debug_macro   0x00000000000022a4     0xb86c ./Drivers/stm32f401_gpio.o
 .debug_macro   0x000000000000db10       0x6d ./Drivers/stm32f401_gpio.o
 .debug_macro   0x000000000000db7d      0x2bc ./Drivers/stm32f401_gpio.o
 .debug_macro   0x000000000000de39      0x142 ./Drivers/stm32f401_gpio.o
 .debug_macro   0x000000000000df7b       0xfe ./Drivers/stm32f401_i2c.o
 .debug_macro   0x000000000000e079      0x2c2 ./Drivers/stm32f401_i2c.o
 .debug_macro   0x000000000000e33b       0xdc ./Drivers/stm32f401_i2c.o
 .debug_macro   0x000000000000e417      0x136 ./Drivers/stm32f401_i2c.o
 .debug_macro   0x000000000000e54d       0xdd ./Drivers/stm32f401_rcc.o
 .debug_macro   0x000000000000e62a       0xfb ./Drivers/stm32f401_uart.o
 .debug_macro   0x000000000000e725       0xfe ./Src/I2C_Example.o

.debug_line     0x0000000000000000     0x2df9
 .debug_line    0x0000000000000000      0xaee ./Drivers/stm32f401_gpio.o
 .debug_line    0x0000000000000aee      0xc0a ./Drivers/stm32f401_i2c.o
 .debug_line    0x00000000000016f8      0x7e8 ./Drivers/stm32f401_rcc.o
 .debug_line    0x0000000000001ee0      0x900 ./Drivers/stm32f401_uart.o
 .debug_line    0x00000000000027e0      0x59e ./Src/I2C_Example.o
 .debug_line    0x0000000000002d7e       0x7b ./Startup/startup_stm32f401retx.o

.debug_str      0x0000000000000000    0x51d15
 .debug_str     0x0000000000000000    0x50bf3 ./Drivers/stm32f401_gpio.o
                                      0x50da8 (size before relaxing)
 .debug_str     0x0000000000050bf3      0xd60 ./Drivers/stm32f401_i2c.o
                                      0x51add (size before relaxing)
 .debug_str     0x0000000000051953      0x1cc ./Drivers/stm32f401_rcc.o
                                      0x506e0 (size before relaxing)
 .debug_str     0x0000000000051b1f      0x16c ./Drivers/stm32f401_uart.o
                                      0x51338 (size before relaxing)
 .debug_str     0x0000000000051c8b       0x5b ./Src/I2C_Example.o
                                      0x512f5 (size before relaxing)
 .debug_str     0x0000000000051ce6       0x2f ./Startup/startup_stm32f401retx.o
                                         0x5c (size before relaxing)

.debug_frame    0x0000000000000000      0x8d8
 .debug_frame   0x0000000000000000      0x1e0 ./Drivers/stm32f401_gpio.o
 .debug_frame   0x00000000000001e0      0x2e0 ./Drivers/stm32f401_i2c.o
 .debug_frame   0x00000000000004c0      0x194 ./Drivers/stm32f401_rcc.o
 .debug_frame   0x0000000000000654      0x228 ./Drivers/stm32f401_uart.o
 .debug_frame   0x000000000000087c       0x30 ./Src/I2C_Example.o
 .debug_frame   0x00000000000008ac       0x2c C:/ST/STM32CubeIDE_1.12.1/STM32CubeIDE/plugins/com.st.stm32cube.ide.mcu.externaltools.gnu-tools-for-stm32.11.3.rel1.win32_1.1.100.202309141235/tools/bin/../lib/gcc/arm-none-eabi/11.3.1/../../../../arm-none-eabi/lib/thumb/v7e-m+fp/hard\libc_nano.a(libc_a-init.o)

.debug_line_str
                0x0000000000000000       0x50
 .debug_line_str
                0x0000000000000000       0x50 ./Startup/startup_stm32f401retx.o
                                         0x68 (size before relaxing)
