Archive member included to satisfy reference by file (symbol)

C:/ST/STM32CubeIDE_1.12.1/STM32CubeIDE/plugins/com.st.stm32cube.ide.mcu.externaltools.gnu-tools-for-stm32.11.3.rel1.win32_1.1.100.202309141235/tools/bin/../lib/gcc/arm-none-eabi/11.3.1/../../../../arm-none-eabi/lib/thumb/v7e-m+fp/hard\libc_nano.a(libc_a-exit.o)
                              C:/ST/STM32CubeIDE_1.12.1/STM32CubeIDE/plugins/com.st.stm32cube.ide.mcu.externaltools.gnu-tools-for-stm32.11.3.rel1.win32_1.1.100.202309141235/tools/bin/../lib/gcc/arm-none-eabi/11.3.1/../../../../arm-none-eabi/lib/thumb/v7e-m+fp/hard/crt0.o (exit)
C:/ST/STM32CubeIDE_1.12.1/STM32CubeIDE/plugins/com.st.stm32cube.ide.mcu.externaltools.gnu-tools-for-stm32.11.3.rel1.win32_1.1.100.202309141235/tools/bin/../lib/gcc/arm-none-eabi/11.3.1/../../../../arm-none-eabi/lib/thumb/v7e-m+fp/hard\libc_nano.a(libc_a-findfp.o)
                              C:/ST/STM32CubeIDE_1.12.1/STM32CubeIDE/plugins/com.st.stm32cube.ide.mcu.externaltools.gnu-tools-for-stm32.11.3.rel1.win32_1.1.100.202309141235/tools/bin/../lib/gcc/arm-none-eabi/11.3.1/../../../../arm-none-eabi/lib/thumb/v7e-m+fp/hard\libc_nano.a(libc_a-exit.o) (__stdio_exit_handler)
C:/ST/STM32CubeIDE_1.12.1/STM32CubeIDE/plugins/com.st.stm32cube.ide.mcu.externaltools.gnu-tools-for-stm32.11.3.rel1.win32_1.1.100.202309141235/tools/bin/../lib/gcc/arm-none-eabi/11.3.1/../../../../arm-none-eabi/lib/thumb/v7e-m+fp/hard\libc_nano.a(libc_a-fwalk.o)
                              C:/ST/STM32CubeIDE_1.12.1/STM32CubeIDE/plugins/com.st.stm32cube.ide.mcu.externaltools.gnu-tools-for-stm32.11.3.rel1.win32_1.1.100.202309141235/tools/bin/../lib/gcc/arm-none-eabi/11.3.1/../../../../arm-none-eabi/lib/thumb/v7e-m+fp/hard\libc_nano.a(libc_a-findfp.o) (_fwalk_sglue)
C:/ST/STM32CubeIDE_1.12.1/STM32CubeIDE/plugins/com.st.stm32cube.ide.mcu.externaltools.gnu-tools-for-stm32.11.3.rel1.win32_1.1.100.202309141235/tools/bin/../lib/gcc/arm-none-eabi/11.3.1/../../../../arm-none-eabi/lib/thumb/v7e-m+fp/hard\libc_nano.a(libc_a-stdio.o)
                              C:/ST/STM32CubeIDE_1.12.1/STM32CubeIDE/plugins/com.st.stm32cube.ide.mcu.externaltools.gnu-tools-for-stm32.11.3.rel1.win32_1.1.100.202309141235/tools/bin/../lib/gcc/arm-none-eabi/11.3.1/../../../../arm-none-eabi/lib/thumb/v7e-m+fp/hard\libc_nano.a(libc_a-findfp.o) (__sread)
C:/ST/STM32CubeIDE_1.12.1/STM32CubeIDE/plugins/com.st.stm32cube.ide.mcu.externaltools.gnu-tools-for-stm32.11.3.rel1.win32_1.1.100.202309141235/tools/bin/../lib/gcc/arm-none-eabi/11.3.1/../../../../arm-none-eabi/lib/thumb/v7e-m+fp/hard\libc_nano.a(libc_a-memset.o)
                              C:/ST/STM32CubeIDE_1.12.1/STM32CubeIDE/plugins/com.st.stm32cube.ide.mcu.externaltools.gnu-tools-for-stm32.11.3.rel1.win32_1.1.100.202309141235/tools/bin/../lib/gcc/arm-none-eabi/11.3.1/../../../../arm-none-eabi/lib/thumb/v7e-m+fp/hard/crt0.o (memset)
C:/ST/STM32CubeIDE_1.12.1/STM32CubeIDE/plugins/com.st.stm32cube.ide.mcu.externaltools.gnu-tools-for-stm32.11.3.rel1.win32_1.1.100.202309141235/tools/bin/../lib/gcc/arm-none-eabi/11.3.1/../../../../arm-none-eabi/lib/thumb/v7e-m+fp/hard\libc_nano.a(libc_a-closer.o)
                              C:/ST/STM32CubeIDE_1.12.1/STM32CubeIDE/plugins/com.st.stm32cube.ide.mcu.externaltools.gnu-tools-for-stm32.11.3.rel1.win32_1.1.100.202309141235/tools/bin/../lib/gcc/arm-none-eabi/11.3.1/../../../../arm-none-eabi/lib/thumb/v7e-m+fp/hard\libc_nano.a(libc_a-stdio.o) (_close_r)
C:/ST/STM32CubeIDE_1.12.1/STM32CubeIDE/plugins/com.st.stm32cube.ide.mcu.externaltools.gnu-tools-for-stm32.11.3.rel1.win32_1.1.100.202309141235/tools/bin/../lib/gcc/arm-none-eabi/11.3.1/../../../../arm-none-eabi/lib/thumb/v7e-m+fp/hard\libc_nano.a(libc_a-reent.o)
                              C:/ST/STM32CubeIDE_1.12.1/STM32CubeIDE/plugins/com.st.stm32cube.ide.mcu.externaltools.gnu-tools-for-stm32.11.3.rel1.win32_1.1.100.202309141235/tools/bin/../lib/gcc/arm-none-eabi/11.3.1/../../../../arm-none-eabi/lib/thumb/v7e-m+fp/hard\libc_nano.a(libc_a-closer.o) (errno)
C:/ST/STM32CubeIDE_1.12.1/STM32CubeIDE/plugins/com.st.stm32cube.ide.mcu.externaltools.gnu-tools-for-stm32.11.3.rel1.win32_1.1.100.202309141235/tools/bin/../lib/gcc/arm-none-eabi/11.3.1/../../../../arm-none-eabi/lib/thumb/v7e-m+fp/hard\libc_nano.a(libc_a-impure.o)
                              C:/ST/STM32CubeIDE_1.12.1/STM32CubeIDE/plugins/com.st.stm32cube.ide.mcu.externaltools.gnu-tools-for-stm32.11.3.rel1.win32_1.1.100.202309141235/tools/bin/../lib/gcc/arm-none-eabi/11.3.1/../../../../arm-none-eabi/lib/thumb/v7e-m+fp/hard\libc_nano.a(libc_a-reent.o) (_impure_ptr)
C:/ST/STM32CubeIDE_1.12.1/STM32CubeIDE/plugins/com.st.stm32cube.ide.mcu.externaltools.gnu-tools-for-stm32.11.3.rel1.win32_1.1.100.202309141235/tools/bin/../lib/gcc/arm-none-eabi/11.3.1/../../../../arm-none-eabi/lib/thumb/v7e-m+fp/hard\libc_nano.a(libc_a-lseekr.o)
[...]
Memory Configuration

Name             Origin             Length             Attributes
RAM              0x0000000020000000 0x0000000000018000 xrw
FLASH            0x0000000008000000 0x0000000000080000 xr
*default*        0x0000000000000000 0xffffffffffffffff

Linker script and memory map

LOAD C:/ST/STM32CubeIDE_1.12.1/STM32CubeIDE/plugins/com.st.stm32cube.ide.mcu.externaltools.gnu-tools-for-stm32.11.3.rel1.win32_1.1.100.202309141235/tools/bin/../lib/gcc/arm-none-eabi/11.3.1/thumb/v7e-m+fp/hard/crti.o
LOAD C:/ST/STM32CubeIDE_1.12.1/STM32CubeIDE/plugins/com.st.stm32cube.ide.mcu.externaltools.gnu-tools-for-stm32.11.3.rel1.win32_1.1.100.202309141235/tools/bin/../lib/gcc/arm-none-eabi/11.3.1/thumb/v7e-m+fp/hard/crtbegin.o
LOAD C:/ST/STM32CubeIDE_1.12.1/STM32CubeIDE/plugins/com.st.stm32cube.ide.mcu.externaltools.gnu-tools-for-stm32.11.3.rel1.win32_1.1.100.202309141235/tools/bin/../lib/gcc/arm-none-eabi/11.3.1/../../../../arm-none-eabi/lib/thumb/v7e-m+fp/hard/crt0.o
LOAD ./Drivers/Src/stm32f401_gpio.o
LOAD ./Drivers/Src/stm32f401_i2c.o
LOAD ./Drivers/Src/stm32f401_rcc.o
LOAD ./Drivers/Src/stm32f401_spi.o
LOAD ./Drivers/Src/stm32f401_uart.o
LOAD ./Src/spi_adxl345_blocking.o
LOAD ./Src/spi_adxl345_interrupt.o
LOAD ./Src/spi_adxl345_interrupt_multislave.o
LOAD ./Src/syscalls.o
LOAD ./Src/sysmem.o
LOAD ./Startup/startup_stm32f401retx.o
START GROUP
LOAD C:/ST/STM32CubeIDE_1.12.1/STM32CubeIDE/plugins/com.st.stm32cube.ide.mcu.externaltools.gnu-tools-for-stm32.11.3.rel1.win32_1.1.100.202309141235/tools/bin/../lib/gcc/arm-none-eabi/11.3.1/../../../../arm-none-eabi/lib/thumb/v7e-m+fp/hard\libc_nano.a
LOAD C:/ST/STM32CubeIDE_1.12.1/STM32CubeIDE/plugins/com.st.stm32cube.ide.mcu.externaltools.gnu-tools-for-stm32.11.3.rel1.win32_1.1.100.202309141235/tools/bin/../lib/gcc/arm-none-eabi/11.3.1/../../../../arm-none-eabi/lib/thumb/v7e-m+fp/hard\libm.a
END GROUP
START GROUP
LOAD C:/ST/STM32CubeIDE_1.12.1/STM32CubeIDE/plugins/com.st.stm32cube.ide.mcu.externaltools.gnu-tools-for-stm32.11.3.rel1.win32_1.1.100.202309141235/tools/bin/../lib/gcc/arm-none-eabi/11.3.1/thumb/v7e-m+fp/hard\libgcc.a
LOAD C:/ST/STM32CubeIDE_1.12.1/STM32CubeIDE/plugins/com.st.stm32cube.ide.mcu.externaltools.gnu-tools-for-stm32.11.3.rel1.win32_1.1.100.202309141235/tools/bin/../lib/gcc/arm-none-eabi/11.3.1/../../../../arm-none-eabi/lib/thumb/v7e-m+fp/hard\libc_nano.a
END GROUP
START GROUP
LOAD C:/ST/STM32CubeIDE_1.12.1/STM32CubeIDE/plugins/com.st.stm32cube.ide.mcu.externaltools.gnu-tools-for-stm32.11.3.rel1.win32_1.1.100.202309141235/tools/bin/../lib/gcc/arm-none-eabi/11.3.1/thumb/v7e-m+fp/hard\libgcc.a
LOAD C:/ST/STM32CubeIDE_1.12.1/STM32CubeIDE/plugins/com.st.stm32cube.ide.mcu.externaltools.gnu-tools-for-stm32.11.3.rel1.win32_1.1.100.202309141235/tools/bin/../lib/gcc/arm-none-eabi/11.3.1/../../../../arm-none-eabi/lib/thumb/v7e-m+fp/hard\libc_nano.a
LOAD C:/ST/STM32CubeIDE_1.12.1/STM32CubeIDE/plugins/com.st.stm32cube.ide.mcu.externaltools.gnu-tools-for-stm32.11.3.rel1.win32_1.1.100.202309141235/tools/bin/../lib/gcc/arm-none-eabi/11.3.1/../../../../arm-none-eabi/lib/thumb/v7e-m+fp/hard\libnosys.a
END GROUP
START GROUP
LOAD C:/ST/STM32CubeIDE_1.12.1/STM32CubeIDE/plugins/com.st.stm32cube.ide.mcu.externaltools.gnu-tools-for-stm32.11.3.rel1.win32_1.1.100.202309141235/tools/bin/../lib/gcc/arm-none-eabi/11.3.1/thumb/v7e-m+fp/hard\libgcc.a
LOAD C:/ST/STM32CubeIDE_1.12.1/STM32CubeIDE/plugins/com.st.stm32cube.ide.mcu.externaltools.gnu-tools-for-stm32.11.3.rel1.win32_1.1.100.202309141235/tools/bin/../lib/gcc/arm-none-eabi/11.3.1/../../../../arm-none-eabi/lib/thumb/v7e-m+fp/hard\libc_nano.a
LOAD C:/ST/STM32CubeIDE_1.12.1/STM32CubeIDE/plugins/com.st.stm32cube.ide.mcu.externaltools.gnu-tools-for-stm32.11.3.rel1.win32_1.1.100.202309141235/tools/bin/../lib/gcc/arm-none-eabi/11.3.1/../../../../arm-none-eabi/lib/thumb/v7e-m+fp/hard\libnosys.a
END GROUP
LOAD C:/ST/STM32CubeIDE_1.12.1/STM32CubeIDE/plugins/com.st.stm32cube.ide.mcu.externaltools.gnu-tools-for-stm32.11.3.rel1.win32_1.1.100.202309141235/tools/bin/../lib/gcc/arm-none-eabi/11.3.1/thumb/v7e-m+fp/hard/crtend.o
LOAD C:/ST/STM32CubeIDE_1.12.1/STM32CubeIDE/plugins/com.st.stm32cube.ide.mcu.externaltools.gnu-tools-for-stm32.11.3.rel1.win32_1.1.100.202309141235/tools/bin/../lib/gcc/arm-none-eabi/11.3.1/thumb/v7e-m+fp/hard/crtn.o
                0x0000000020018000                _estack = (ORIGIN (RAM) + LENGTH (RAM))
                0x0000000000000200                _Min_Heap_Size = 0x200
                0x0000000000000400                _Min_Stack_Size = 0x400

.isr_vector     0x0000000008000000      0x194
                0x0000000008000000                . = ALIGN (0x4)
 *(.isr_vector)
 .isr_vector    0x0000000008000000      0x194 ./Startup/startup_stm32f401retx.o
                0x0000000008000000                g_pfnVectors
                0x0000000008000194                . = ALIGN (0x4)

.text           0x0000000008000198     0x1a6c
                0x0000000008000198                . = ALIGN (0x4)
 *(.text)
 .text          0x0000000008000198       0x40 C:/ST/STM32CubeIDE_1.12.1/STM32CubeIDE/plugins/com.st.stm32cube.ide.mcu.externaltools.gnu-tools-for-stm32.11.3.rel1.win32_1.1.100.202309141235/tools/bin/../lib/gcc/arm-none-eabi/11.3.1/thumb/v7e-m+fp/hard/crtbegin.o
 .text          0x00000000080001d8      0x254 C:/ST/STM32CubeIDE_1.12.1/STM32CubeIDE/plugins/com.st.stm32cube.ide.mcu.externaltools.gnu-tools-for-stm32.11.3.rel1.win32_1.1.100.202309141235/tools/bin/../lib/gcc/arm-none-eabi/11.3.1/thumb/v7e-m+fp/hard\libgcc.a(_arm_muldf3.o)
                0x00000000080001d8                __muldf3
                0x00000000080001d8                __aeabi_dmul
 .text          0x000000000800042c      0x378 C:/ST/STM32CubeIDE_1.12.1/STM32CubeIDE/plugins/com.st.stm32cube.ide.mcu.externaltools.gnu-tools-for-stm32.11.3.rel1.win32_1.1.100.202309141235/tools/bin/../lib/gcc/arm-none-eabi/11.3.1/thumb/v7e-m+fp/hard\libgcc.a(_arm_addsubdf3.o)
                0x000000000800042c                __aeabi_drsub
                0x0000000008000434                __aeabi_dsub
                0x0000000008000434                __subdf3
                0x0000000008000438                __aeabi_dadd
                0x0000000008000438                __adddf3
                0x00000000080006b0                __floatunsidf
                0x00000000080006b0                __aeabi_ui2d
                0x00000000080006d0                __floatsidf
                0x00000000080006d0                __aeabi_i2d
                0x00000000080006f4                __aeabi_f2d
                0x00000000080006f4                __extendsfdf2
                0x0000000008000738                __floatundidf
                0x0000000008000738                __aeabi_ul2d
                0x0000000008000748                __floatdidf
                0x0000000008000748                __aeabi_l2d
 *(.text*)
 .text.GPIO_Config
                0x00000000080007a4       0x48 ./Drivers/Src/stm32f401_gpio.o
                0x00000000080007a4                GPIO_Config
 .text.GPIO_PeriphClck
                0x00000000080007ec      0x108 ./Drivers/Src/stm32f401_gpio.o
                0x00000000080007ec                GPIO_PeriphClck
 .text.GPIO_AlternateFunctionConfig
                0x00000000080008f4       0x7e ./Drivers/Src/stm32f401_gpio.o
                0x00000000080008f4                GPIO_AlternateFunctionConfig
 *fill*         0x0000000008000972        0x2 
 .text.GPIO_Init
                0x0000000008000974      0x254 ./Drivers/Src/stm32f401_gpio.o
                0x0000000008000974                GPIO_Init
 .text.SPI1_Periph_Enable
                0x0000000008000bc8      0x170 ./Drivers/Src/stm32f401_gpio.o
                0x0000000008000bc8                SPI1_Periph_Enable
 .text.SPI2_Periph_Enable
                0x0000000008000d38      0x19c ./Drivers/Src/stm32f401_gpio.o
                0x0000000008000d38                SPI2_Periph_Enable
 .text.SPI3_Periph_Enable
                0x0000000008000ed4      0x1d4 ./Drivers/Src/stm32f401_gpio.o
                0x0000000008000ed4                SPI3_Periph_Enable
 .text.SPI4_Periph_Enable
                0x00000000080010a8       0xf0 ./Drivers/Src/stm32f401_gpio.o
                0x00000000080010a8                SPI4_Periph_Enable
 .text.GPIO_WritePin
                0x0000000008001198       0x74 ./Drivers/Src/stm32f401_gpio.o
                0x0000000008001198                GPIO_WritePin
 .text.RCC_AHB1Cmd
                0x000000000800120c       0x40 ./Drivers/Src/stm32f401_rcc.o
                0x000000000800120c                RCC_AHB1Cmd
 .text.RCC_APB1Cmd
                0x000000000800124c       0x40 ./Drivers/Src/stm32f401_rcc.o
                0x000000000800124c                RCC_APB1Cmd
 .text.RCC_APB2Cmd
                0x000000000800128c       0x40 ./Drivers/Src/stm32f401_rcc.o
                0x000000000800128c                RCC_APB2Cmd
 .text.__NVIC_EnableIRQ
                0x00000000080012cc       0x3c ./Drivers/Src/stm32f401_spi.o
 .text.Check_Flag
                0x0000000008001308       0x2a ./Drivers/Src/stm32f401_spi.o
 *fill*         0x0000000008001332        0x2 
 .text.SPI_Init
                0x0000000008001334      0x1b0 ./Drivers/Src/stm32f401_spi.o
                0x0000000008001334                SPI_Init
 .text.Enable_NVIC
                0x00000000080014e4       0x58 ./Drivers/Src/stm32f401_spi.o
 .text.Disable_SPI_Transmission
                0x000000000800153c       0x66 ./Drivers/Src/stm32f401_spi.o
 .text.Disable_SPI_Reception
                0x00000000080015a2       0x66 ./Drivers/Src/stm32f401_spi.o
 .text.TXE_Interrupt_Handler
                0x0000000008001608       0xcc ./Drivers/Src/stm32f401_spi.o
 .text.RXNE_Interrupt_Handler
                0x00000000080016d4       0xc2 ./Drivers/Src/stm32f401_spi.o
 .text.SPI_MultiSlave_TransmitIT
                0x0000000008001796       0x54 ./Drivers/Src/stm32f401_spi.o
                0x0000000008001796                SPI_MultiSlave_TransmitIT
 .text.SPI_MultiSlave_RecieveIT
                0x00000000080017ea       0x6e ./Drivers/Src/stm32f401_spi.o
                0x00000000080017ea                SPI_MultiSlave_RecieveIT
 .text.SPI_IRQ_Handler
                0x0000000008001858       0x6a ./Drivers/Src/stm32f401_spi.o
                0x0000000008001858                SPI_IRQ_Handler
 *fill*         0x00000000080018c2        0x6 
 .text.main     0x00000000080018c8      0x218 ./Src/spi_adxl345_interrupt_multislave.o
                0x00000000080018c8                main
 .text.SPI1_IRQHandler
                0x0000000008001ae0       0x14 ./Src/spi_adxl345_interrupt_multislave.o
                0x0000000008001ae0                SPI1_IRQHandler
 .text.SPI_Specs_Init
                0x0000000008001af4       0x5c ./Src/spi_adxl345_interrupt_multislave.o
                0x0000000008001af4                SPI_Specs_Init
 .text.Reset_Handler
                0x0000000008001b50       0x50 ./Startup/startup_stm32f401retx.o
                0x0000000008001b50                Reset_Handler
 .text.Default_Handler
                0x0000000008001ba0        0x2 ./Startup/startup_stm32f401retx.o
                0x0000000008001ba0                EXTI2_IRQHandler
                0x0000000008001ba0                DebugMon_Handler
                0x0000000008001ba0                SPI4_IRQHandler
                0x0000000008001ba0                TIM1_CC_IRQHandler
                0x0000000008001ba0                DMA2_Stream5_IRQHandler
                0x0000000008001ba0                HardFault_Handler
                0x0000000008001ba0                DMA1_Stream5_IRQHandler
                0x0000000008001ba0                SysTick_Handler
                0x0000000008001ba0                SDIO_IRQHandler
                0x0000000008001ba0                TAMP_STAMP_IRQHandler
                0x0000000008001ba0                PendSV_Handler
                0x0000000008001ba0                NMI_Handler
                0x0000000008001ba0                EXTI3_IRQHandler
                0x0000000008001ba0                TIM1_UP_TIM10_IRQHandler
                0x0000000008001ba0                I2C3_ER_IRQHandler
                0x0000000008001ba0                EXTI18_OTG_FS_WKUP_IRQHandler
                0x0000000008001ba0                EXTI0_IRQHandler
                0x0000000008001ba0                I2C2_EV_IRQHandler
                0x0000000008001ba0                DMA1_Stream2_IRQHandler
                0x0000000008001ba0                UsageFault_Handler
                0x0000000008001ba0                DMA2_Stream2_IRQHandler
                0x0000000008001ba0                TIM1_BRK_TIM9_IRQHandler
                0x0000000008001ba0                DMA2_Stream3_IRQHandler
                0x0000000008001ba0                USART6_IRQHandler
                0x0000000008001ba0                DMA2_Stream0_IRQHandler
                0x0000000008001ba0                TIM4_IRQHandler
                0x0000000008001ba0                I2C1_EV_IRQHandler
                0x0000000008001ba0                DMA1_Stream6_IRQHandler
                0x0000000008001ba0                DMA1_Stream1_IRQHandler
                0x0000000008001ba0                TIM3_IRQHandler
                0x0000000008001ba0                RCC_IRQHandler
                0x0000000008001ba0                Default_Handler
                0x0000000008001ba0                EXTI15_10_IRQHandler
                0x0000000008001ba0                ADC_IRQHandler
                0x0000000008001ba0                DMA1_Stream7_IRQHandler
                0x0000000008001ba0                TIM5_IRQHandler
                0x0000000008001ba0                DMA2_Stream7_IRQHandler
                0x0000000008001ba0                I2C3_EV_IRQHandler
                0x0000000008001ba0                EXTI9_5_IRQHandler
                0x0000000008001ba0                SPI2_IRQHandler
                0x0000000008001ba0                MemManage_Handler
                0x0000000008001ba0                DMA1_Stream0_IRQHandler
                0x0000000008001ba0                SVC_Handler
                0x0000000008001ba0                EXTI4_IRQHandler
                0x0000000008001ba0                EXTI22_RTC_WKUP_IRQHandler
                0x0000000008001ba0                TIM2_IRQHandler
                0x0000000008001ba0                EXTI16_PVD_IRQHandler
                0x0000000008001ba0                TIM1_TRG_COM_TIM11_IRQHandler
                0x0000000008001ba0                EXTI1_IRQHandler
                0x0000000008001ba0                EXTI17_RTC_Alarm_IRQHandler
                0x0000000008001ba0                USART2_IRQHandler
                0x0000000008001ba0                I2C2_ER_IRQHandler
                0x0000000008001ba0                DMA2_Stream1_IRQHandler
                0x0000000008001ba0                FLASH_IRQHandler
                0x0000000008001ba0                DMA2_Stream4_IRQHandler
                0x0000000008001ba0                BusFault_Handler
                0x0000000008001ba0                USART1_IRQHandler
                0x0000000008001ba0                OTG_FS_IRQHandler
                0x0000000008001ba0                SPI3_IRQHandler
                0x0000000008001ba0                DMA1_Stream4_IRQHandler
                0x0000000008001ba0                I2C1_ER_IRQHandler
                0x0000000008001ba0                DMA2_Stream6_IRQHandler
                0x0000000008001ba0                DMA1_Stream3_IRQHandler
 *fill*         0x0000000008001ba2        0x2 
 .text.__libc_init_array
                0x0000000008001ba4       0x48 C:/ST/STM32CubeIDE_1.12.1/STM32CubeIDE/plugins/com.st.stm32cube.ide.mcu.externaltools.gnu-tools-for-stm32.11.3.rel1.win32_1.1.100.202309141235/tools/bin/../lib/gcc/arm-none-eabi/11.3.1/../../../../arm-none-eabi/lib/thumb/v7e-m+fp/hard\libc_nano.a(libc_a-init.o)
                0x0000000008001ba4                __libc_init_array
 *(.glue_7)
 .glue_7        0x0000000008001bec        0x0 linker stubs
 *(.glue_7t)
 .glue_7t       0x0000000008001bec        0x0 linker stubs
 *(.eh_frame)
 .eh_frame      0x0000000008001bec        0x0 C:/ST/STM32CubeIDE_1.12.1/STM32CubeIDE/plugins/com.st.stm32cube.ide.mcu.externaltools.gnu-tools-for-stm32.11.3.rel1.win32_1.1.100.202309141235/tools/bin/../lib/gcc/arm-none-eabi/11.3.1/thumb/v7e-m+fp/hard/crtbegin.o
 *(.init)
 .init          0x0000000008001bec        0x4 C:/ST/STM32CubeIDE_1.12.1/STM32CubeIDE/plugins/com.st.stm32cube.ide.mcu.externaltools.gnu-tools-for-stm32.11.3.rel1.win32_1.1.100.202309141235/tools/bin/../lib/gcc/arm-none-eabi/11.3.1/thumb/v7e-m+fp/hard/crti.o
                0x0000000008001bec                _init
 .init          0x0000000008001bf0        0x8 C:/ST/STM32CubeIDE_1.12.1/STM32CubeIDE/plugins/com.st.stm32cube.ide.mcu.externaltools.gnu-tools-for-stm32.11.3.rel1.win32_1.1.100.202309141235/tools/bin/../lib/gcc/arm-none-eabi/11.3.1/thumb/v7e-m+fp/hard/crtn.o
 *(.fini)
 .fini          0x0000000008001bf8        0x4 C:/ST/STM32CubeIDE_1.12.1/STM32CubeIDE/plugins/com.st.stm32cube.ide.mcu.externaltools.gnu-tools-for-stm32.11.3.rel1.win32_1.1.100.202309141235/tools/bin/../lib/gcc/arm-none-eabi/11.3.1/thumb/v7e-m+fp/hard/crti.o
                0x0000000008001bf8                _fini
 .fini          0x0000000008001bfc        0x8 C:/ST/STM32CubeIDE_1.12.1/STM32CubeIDE/plugins/com.st.stm32cube.ide.mcu.externaltools.gnu-tools-for-stm32.11.3.rel1.win32_1.1.100.202309141235/tools/bin/../lib/gcc/arm-none-eabi/11.3.1/thumb/v7e-m+fp/hard/crtn.o
                0x0000000008001c04                . = ALIGN (0x4)
                0x0000000008001c04                _etext = .

.vfp11_veneer   0x0000000008001c04        0x0
 .vfp11_veneer  0x0000000008001c04        0x0 linker stubs

.v4_bx          0x0000000008001c04        0x0
 .v4_bx         0x0000000008001c04        0x0 linker stubs

.iplt           0x0000000008001c04        0x0
 .iplt          0x0000000008001c04        0x0 C:/ST/STM32CubeIDE_1.12.1/STM32CubeIDE/plugins/com.st.stm32cube.ide.mcu.externaltools.gnu-tools-for-stm32.11.3.rel1.win32_1.1.100.202309141235/tools/bin/../lib/gcc/arm-none-eabi/11.3.1/thumb/v7e-m+fp/hard/crtbegin.o

.rodata         0x0000000008001c04        0x8
                0x0000000008001c04                . = ALIGN (0x4)
 *(.rodata)
 .rodata        0x0000000008001c04        0x6 ./Src/spi_adxl345_interrupt_multislave.o
 *(.rodata*)
                0x0000000008001c0c                . = ALIGN (0x4)
 *fill*         0x0000000008001c0a        0x2 

.rel.dyn        0x0000000008001c0c        0x0
 .rel.iplt      0x0000000008001c0c        0x0 C:/ST/STM32CubeIDE_1.12.1/STM32CubeIDE/plugins/com.st.stm32cube.ide.mcu.externaltools.gnu-tools-for-stm32.11.3.rel1.win32_1.1.100.202309141235/tools/bin/../lib/gcc/arm-none-eabi/11.3.1/thumb/v7e-m+fp/hard/crtbegin.o

.ARM.extab      0x0000000008001c0c        0x0
                0x0000000008001c0c                . = ALIGN (0x4)
 *(.ARM.extab* .gnu.linkonce.armextab.*)
                0x0000000008001c0c                . = ALIGN (0x4)

.ARM            0x0000000008001c0c        0x0
                0x0000000008001c0c                . = ALIGN (0x4)
                0x0000000008001c0c                __exidx_start = .
 *(.ARM.exidx*)
                0x0000000008001c0c                __exidx_end = .
                0x0000000008001c0c                . = ALIGN (0x4)

.preinit_array  0x0000000008001c0c        0x0
                0x0000000008001c0c                . = ALIGN (0x4)
                0x0000000008001c0c                PROVIDE (__preinit_array_start = .)
 *(.preinit_array*)
                0x0000000008001c0c                PROVIDE (__preinit_array_end = .)
                0x0000000008001c0c                . = ALIGN (0x4)

.init_array     0x0000000008001c0c        0x4
                0x0000000008001c0c                . = ALIGN (0x4)
                0x0000000008001c0c                PROVIDE (__init_array_start = .)
 *(SORT_BY_NAME(.init_array.*))
 *(.init_array*)
 .init_array    0x0000000008001c0c        0x4 C:/ST/STM32CubeIDE_1.12.1/STM32CubeIDE/plugins/com.st.stm32cube.ide.mcu.externaltools.gnu-tools-for-stm32.11.3.rel1.win32_1.1.100.202309141235/tools/bin/../lib/gcc/arm-none-eabi/11.3.1/thumb/v7e-m+fp/hard/crtbegin.o
                0x0000000008001c10                PROVIDE (__init_array_end = .)
                0x0000000008001c10                . = ALIGN (0x4)

.fini_array     0x0000000008001c10        0x4
                0x0000000008001c10                . = ALIGN (0x4)
                [!provide]                        PROVIDE (__fini_array_start = .)
 *(SORT_BY_NAME(.fini_array.*))
 *(.fini_array*)
 .fini_array    0x0000000008001c10        0x4 C:/ST/STM32CubeIDE_1.12.1/STM32CubeIDE/plugins/com.st.stm32cube.ide.mcu.externaltools.gnu-tools-for-stm32.11.3.rel1.win32_1.1.100.202309141235/tools/bin/../lib/gcc/arm-none-eabi/11.3.1/thumb/v7e-m+fp/hard/crtbegin.o
                [!provide]                        PROVIDE (__fini_array_end = .)
                0x0000000008001c14                . = ALIGN (0x4)
                0x0000000008001c14                _sidata = LOADADDR (.data)

.data           0x0000000020000000        0x0 load address 0x0000000008001c14
                0x0000000020000000                . = ALIGN (0x4)
                0x0000000020000000                _sdata = .
 *(.data)
 *(.data*)
 *(.RamFunc)
 *(.RamFunc*)
                0x0000000020000000                . = ALIGN (0x4)
                0x0000000020000000                _edata = .

.igot.plt       0x0000000020000000        0x0 load address 0x0000000008001c14
 .igot.plt      0x0000000020000000        0x0 C:/ST/STM32CubeIDE_1.12.1/STM32CubeIDE/plugins/com.st.stm32cube.ide.mcu.externaltools.gnu-tools-for-stm32.11.3.rel1.win32_1.1.100.202309141235/tools/bin/../lib/gcc/arm-none-eabi/11.3.1/thumb/v7e-m+fp/hard/crtbegin.o
                0x0000000020000000                . = ALIGN (0x4)

.bss            0x0000000020000000       0x94 load address 0x0000000008001c14
                0x0000000020000000                _sbss = .
                0x0000000020000000                __bss_start__ = _sbss
 *(.bss)
 .bss           0x0000000020000000       0x1c C:/ST/STM32CubeIDE_1.12.1/STM32CubeIDE/plugins/com.st.stm32cube.ide.mcu.externaltools.gnu-tools-for-stm32.11.3.rel1.win32_1.1.100.202309141235/tools/bin/../lib/gcc/arm-none-eabi/11.3.1/thumb/v7e-m+fp/hard/crtbegin.o
 *(.bss*)
 .bss.SPI1_Example
                0x000000002000001c       0x28 ./Src/spi_adxl345_interrupt_multislave.o
                0x000000002000001c                SPI1_Example
 .bss.ADXL      0x0000000020000044        0xc ./Src/spi_adxl345_interrupt_multislave.o
                0x0000000020000044                ADXL
 .bss.BME       0x0000000020000050        0xc ./Src/spi_adxl345_interrupt_multislave.o
                0x0000000020000050                BME
 .bss.x         0x000000002000005c        0x2 ./Src/spi_adxl345_interrupt_multislave.o
                0x000000002000005c                x
 .bss.y         0x000000002000005e        0x2 ./Src/spi_adxl345_interrupt_multislave.o
                0x000000002000005e                y
 .bss.z         0x0000000020000060        0x2 ./Src/spi_adxl345_interrupt_multislave.o
                0x0000000020000060                z
 *fill*         0x0000000020000062        0x6 
 .bss.xg        0x0000000020000068        0x8 ./Src/spi_adxl345_interrupt_multislave.o
                0x0000000020000068                xg
 .bss.yg        0x0000000020000070        0x8 ./Src/spi_adxl345_interrupt_multislave.o
                0x0000000020000070                yg
 .bss.zg        0x0000000020000078        0x8 ./Src/spi_adxl345_interrupt_multislave.o
                0x0000000020000078                zg
 .bss.adxl_data_rec
                0x0000000020000080        0x7 ./Src/spi_adxl345_interrupt_multislave.o
                0x0000000020000080                adxl_data_rec
 *fill*         0x0000000020000087        0x1 
 .bss.bme_data_rec
                0x0000000020000088        0x9 ./Src/spi_adxl345_interrupt_multislave.o
                0x0000000020000088                bme_data_rec
 *(COMMON)
                0x0000000020000094                . = ALIGN (0x4)
 *fill*         0x0000000020000091        0x3 
                0x0000000020000094                _ebss = .
                0x0000000020000094                __bss_end__ = _ebss

._user_heap_stack
                0x0000000020000094      0x604 load address 0x0000000008001c14
                0x0000000020000098                . = ALIGN (0x8)
 *fill*         0x0000000020000094        0x4 
                [!provide]                        PROVIDE (end = .)
                0x0000000020000098                PROVIDE (_end = .)
                0x0000000020000298                . = (. + _Min_Heap_Size)
 *fill*         0x0000000020000098      0x200 
                0x0000000020000698                . = (. + _Min_Stack_Size)
 *fill*         0x0000000020000298      0x400 
                0x0000000020000698                . = ALIGN (0x8)

/DISCARD/
 libc.a(*)
 libm.a(*)
 libgcc.a(*)

.ARM.attributes
                0x0000000000000000       0x30
 *(.ARM.attributes)
 .ARM.attributes
                0x0000000000000000       0x1e C:/ST/STM32CubeIDE_1.12.1/STM32CubeIDE/plugins/com.st.stm32cube.ide.mcu.externaltools.gnu-tools-for-stm32.11.3.rel1.win32_1.1.100.202309141235/tools/bin/../lib/gcc/arm-none-eabi/11.3.1/thumb/v7e-m+fp/hard/crti.o
 .ARM.attributes
                0x000000000000001e       0x34 C:/ST/STM32CubeIDE_1.12.1/STM32CubeIDE/plugins/com.st.stm32cube.ide.mcu.externaltools.gnu-tools-for-stm32.11.3.rel1.win32_1.1.100.202309141235/tools/bin/../lib/gcc/arm-none-eabi/11.3.1/thumb/v7e-m+fp/hard/crtbegin.o
 .ARM.attributes
                0x0000000000000052       0x34 ./Drivers/Src/stm32f401_gpio.o
 .ARM.attributes
                0x0000000000000086       0x34 ./Drivers/Src/stm32f401_rcc.o
 .ARM.attributes
                0x00000000000000ba       0x34 ./Drivers/Src/stm32f401_spi.o
 .ARM.attributes
                0x00000000000000ee       0x34 ./Src/spi_adxl345_interrupt_multislave.o
 .ARM.attributes
                0x0000000000000122       0x21 ./Startup/startup_stm32f401retx.o
 .ARM.attributes
                0x0000000000000143       0x34 C:/ST/STM32CubeIDE_1.12.1/STM32CubeIDE/plugins/com.st.stm32cube.ide.mcu.externaltools.gnu-tools-for-stm32.11.3.rel1.win32_1.1.100.202309141235/tools/bin/../lib/gcc/arm-none-eabi/11.3.1/../../../../arm-none-eabi/lib/thumb/v7e-m+fp/hard\libc_nano.a(libc_a-init.o)
 .ARM.attributes
                0x0000000000000177       0x1e C:/ST/STM32CubeIDE_1.12.1/STM32CubeIDE/plugins/com.st.stm32cube.ide.mcu.externaltools.gnu-tools-for-stm32.11.3.rel1.win32_1.1.100.202309141235/tools/bin/../lib/gcc/arm-none-eabi/11.3.1/thumb/v7e-m+fp/hard\libgcc.a(_arm_muldf3.o)
 .ARM.attributes
                0x0000000000000195       0x1e C:/ST/STM32CubeIDE_1.12.1/STM32CubeIDE/plugins/com.st.stm32cube.ide.mcu.externaltools.gnu-tools-for-stm32.11.3.rel1.win32_1.1.100.202309141235/tools/bin/../lib/gcc/arm-none-eabi/11.3.1/thumb/v7e-m+fp/hard\libgcc.a(_arm_addsubdf3.o)
 .ARM.attributes
                0x00000000000001b3       0x1e C:/ST/STM32CubeIDE_1.12.1/STM32CubeIDE/plugins/com.st.stm32cube.ide.mcu.externaltools.gnu-tools-for-stm32.11.3.rel1.win32_1.1.100.202309141235/tools/bin/../lib/gcc/arm-none-eabi/11.3.1/thumb/v7e-m+fp/hard/crtn.o
OUTPUT(SPI_Driver.elf elf32-littlearm)
LOAD linker stubs
LOAD C:/ST/STM32CubeIDE_1.12.1/STM32CubeIDE/plugins/com.st.stm32cube.ide.mcu.externaltools.gnu-tools-for-stm32.11.3.rel1.win32_1.1.100.202309141235/tools/bin/../lib/gcc/arm-none-eabi/11.3.1/../../../../arm-none-eabi/lib/thumb/v7e-m+fp/hard\libc.a
LOAD C:/ST/STM32CubeIDE_1.12.1/STM32CubeIDE/plugins/com.st.stm32cube.ide.mcu.externaltools.gnu-tools-for-stm32.11.3.rel1.win32_1.1.100.202309141235/tools/bin/../lib/gcc/arm-none-eabi/11.3.1/../../../../arm-none-eabi/lib/thumb/v7e-m+fp/hard\libm.a
LOAD C:/ST/STM32CubeIDE_1.12.1/STM32CubeIDE/plugins/com.st.stm32cube.ide.mcu.externaltools.gnu-tools-for-stm32.11.3.rel1.win32_1.1.100.202309141235/tools/bin/../lib/gcc/arm-none-eabi/11.3.1/thumb/v7e-m+fp/hard\libgcc.a

.comment        0x0000000000000000       0x43
 .comment       0x0000000000000000       0x43 C:/ST/STM32CubeIDE_1.12.1/STM32CubeIDE/plugins/com.st.stm32cube.ide.mcu.externaltools.gnu-tools-for-stm32.11.3.rel1.win32_1.1.100.202309141235/tools/bin/../lib/gcc/arm-none-eabi/11.3.1/thumb/v7e-m+fp/hard/crtbegin.o
                                         0x44 (size before relaxing)
 .comment       0x0000000000000043       0x44 ./Drivers/Src/stm32f401_gpio.o
 .comment       0x0000000000000043       0x44 ./Drivers/Src/stm32f401_rcc.o
 .comment       0x0000000000000043       0x44 ./Drivers/Src/stm32f401_spi.o
 .comment       0x0000000000000043       0x44 ./Src/spi_adxl345_interrupt_multislave.o

.debug_info     0x0000000000000000     0x2501
 .debug_info    0x0000000000000000      0xbf4 ./Drivers/Src/stm32f401_gpio.o
 .debug_info    0x0000000000000bf4      0x668 ./Drivers/Src/stm32f401_rcc.o
 .debug_info    0x000000000000125c      0xbd1 ./Drivers/Src/stm32f401_spi.o
 .debug_info    0x0000000000001e2d      0x6b1 ./Src/spi_adxl345_interrupt_multislave.o
 .debug_info    0x00000000000024de       0x23 ./Startup/startup_stm32f401retx.o

.debug_abbrev   0x0000000000000000      0x853
 .debug_abbrev  0x0000000000000000      0x2b5 ./Drivers/Src/stm32f401_gpio.o
 .debug_abbrev  0x00000000000002b5      0x1ab ./Drivers/Src/stm32f401_rcc.o
 .debug_abbrev  0x0000000000000460      0x23e ./Drivers/Src/stm32f401_spi.o
 .debug_abbrev  0x000000000000069e      0x1a3 ./Src/spi_adxl345_interrupt_multislave.o
 .debug_abbrev  0x0000000000000841       0x12 ./Startup/startup_stm32f401retx.o

.debug_aranges  0x0000000000000000      0x1f8
 .debug_aranges
                0x0000000000000000       0xa0 ./Drivers/Src/stm32f401_gpio.o
 .debug_aranges
                0x00000000000000a0       0x68 ./Drivers/Src/stm32f401_rcc.o
 .debug_aranges
                0x0000000000000108       0x98 ./Drivers/Src/stm32f401_spi.o
 .debug_aranges
                0x00000000000001a0       0x30 ./Src/spi_adxl345_interrupt_multislave.o
 .debug_aranges
                0x00000000000001d0       0x28 ./Startup/startup_stm32f401retx.o

.debug_rnglists
                0x0000000000000000      0x172
 .debug_rnglists
                0x0000000000000000       0x7a ./Drivers/Src/stm32f401_gpio.o
 .debug_rnglists
                0x000000000000007a       0x4c ./Drivers/Src/stm32f401_rcc.o
 .debug_rnglists
                0x00000000000000c6       0x73 ./Drivers/Src/stm32f401_spi.o
 .debug_rnglists
                0x0000000000000139       0x20 ./Src/spi_adxl345_interrupt_multislave.o
 .debug_rnglists
                0x0000000000000159       0x19 ./Startup/startup_stm32f401retx.o

.debug_macro    0x0000000000000000     0xe3d2
 .debug_macro   0x0000000000000000       0xf0 ./Drivers/Src/stm32f401_gpio.o
 .debug_macro   0x00000000000000f0      0xab4 ./Drivers/Src/stm32f401_gpio.o
 .debug_macro   0x0000000000000ba4       0x22 ./Drivers/Src/stm32f401_gpio.o
 .debug_macro   0x0000000000000bc6       0x8e ./Drivers/Src/stm32f401_gpio.o
 .debug_macro   0x0000000000000c54       0x51 ./Drivers/Src/stm32f401_gpio.o
 .debug_macro   0x0000000000000ca5      0x103 ./Drivers/Src/stm32f401_gpio.o
 .debug_macro   0x0000000000000da8       0x6a ./Drivers/Src/stm32f401_gpio.o
 .debug_macro   0x0000000000000e12      0x1df ./Drivers/Src/stm32f401_gpio.o
 .debug_macro   0x0000000000000ff1       0x28 ./Drivers/Src/stm32f401_gpio.o
 .debug_macro   0x0000000000001019       0x28 ./Drivers/Src/stm32f401_gpio.o
 .debug_macro   0x0000000000001041       0x1c ./Drivers/Src/stm32f401_gpio.o
 .debug_macro   0x000000000000105d       0x22 ./Drivers/Src/stm32f401_gpio.o
 .debug_macro   0x000000000000107f       0xd9 ./Drivers/Src/stm32f401_gpio.o
 .debug_macro   0x0000000000001158     0x102d ./Drivers/Src/stm32f401_gpio.o
 .debug_macro   0x0000000000002185      0x11f ./Drivers/Src/stm32f401_gpio.o
 .debug_macro   0x00000000000022a4     0xb86c ./Drivers/Src/stm32f401_gpio.o
 .debug_macro   0x000000000000db10       0x6d ./Drivers/Src/stm32f401_gpio.o
 .debug_macro   0x000000000000db7d      0x2bc ./Drivers/Src/stm32f401_gpio.o
 .debug_macro   0x000000000000de39      0x142 ./Drivers/Src/stm32f401_gpio.o
 .debug_macro   0x000000000000df7b       0xdd ./Drivers/Src/stm32f401_rcc.o
 .debug_macro   0x000000000000e058      0x107 ./Drivers/Src/stm32f401_spi.o
 .debug_macro   0x000000000000e15f      0x16c ./Drivers/Src/stm32f401_spi.o
 .debug_macro   0x000000000000e2cb      0x107 ./Src/spi_adxl345_interrupt_multislave.o

.debug_line     0x0000000000000000     0x2789
 .debug_line    0x0000000000000000      0xc4b ./Drivers/Src/stm32f401_gpio.o
 .debug_line    0x0000000000000c4b      0x820 ./Drivers/Src/stm32f401_rcc.o
 .debug_line    0x000000000000146b      0xc1f ./Drivers/Src/stm32f401_spi.o
 .debug_line    0x000000000000208a      0x684 ./Src/spi_adxl345_interrupt_multislave.o
 .debug_line    0x000000000000270e       0x7b ./Startup/startup_stm32f401retx.o

.debug_str      0x0000000000000000    0x52223
 .debug_str     0x0000000000000000    0x50cb6 ./Drivers/Src/stm32f401_gpio.o
                                      0x50e6b (size before relaxing)
 .debug_str     0x0000000000050cb6      0x2f9 ./Drivers/Src/stm32f401_rcc.o
                                      0x506e4 (size before relaxing)
 .debug_str     0x0000000000050faf     0x1119 ./Drivers/Src/stm32f401_spi.o
                                      0x52068 (size before relaxing)
 .debug_str     0x00000000000520c8      0x12c ./Src/spi_adxl345_interrupt_multislave.o
                                      0x51b81 (size before relaxing)
 .debug_str     0x00000000000521f4       0x2f ./Startup/startup_stm32f401retx.o
                                         0x5c (size before relaxing)

.debug_frame    0x0000000000000000      0x80c
 .debug_frame   0x0000000000000000      0x2a8 ./Drivers/Src/stm32f401_gpio.o
 .debug_frame   0x00000000000002a8      0x194 ./Drivers/Src/stm32f401_rcc.o
 .debug_frame   0x000000000000043c      0x25c ./Drivers/Src/stm32f401_spi.o
 .debug_frame   0x0000000000000698       0x6c ./Src/spi_adxl345_interrupt_multislave.o
 .debug_frame   0x0000000000000704       0x2c C:/ST/STM32CubeIDE_1.12.1/STM32CubeIDE/plugins/com.st.stm32cube.ide.mcu.externaltools.gnu-tools-for-stm32.11.3.rel1.win32_1.1.100.202309141235/tools/bin/../lib/gcc/arm-none-eabi/11.3.1/../../../../arm-none-eabi/lib/thumb/v7e-m+fp/hard\libc_nano.a(libc_a-init.o)
 .debug_frame   0x0000000000000730       0x30 C:/ST/STM32CubeIDE_1.12.1/STM32CubeIDE/plugins/com.st.stm32cube.ide.mcu.externaltools.gnu-tools-for-stm32.11.3.rel1.win32_1.1.100.202309141235/tools/bin/../lib/gcc/arm-none-eabi/11.3.1/thumb/v7e-m+fp/hard\libgcc.a(_arm_muldf3.o)
 .debug_frame   0x0000000000000760       0xac C:/ST/STM32CubeIDE_1.12.1/STM32CubeIDE/plugins/com.st.stm32cube.ide.mcu.externaltools.gnu-tools-for-stm32.11.3.rel1.win32_1.1.100.202309141235/tools/bin/../lib/gcc/arm-none-eabi/11.3.1/thumb/v7e-m+fp/hard\libgcc.a(_arm_addsubdf3.o)

.debug_line_str
                0x0000000000000000       0x50
 .debug_line_str
                0x0000000000000000       0x50 ./Startup/startup_stm32f401retx.o
                                         0x68 (size before relaxing)
