C:/Users/klaze/Documents/Chip Headers/CMSIS/Include/core_cm4.h:1688:22:__NVIC_EnableIRQ	16	static
../Drivers/stm32f401_i2c.c:18:13:Enable_I2C_Periph	48	static
../Drivers/stm32f401_i2c.c:28:13:Generate_Start_Condition	16	static
../Drivers/stm32f401_i2c.c:38:20:Check_Flag	16	static
../Drivers/stm32f401_i2c.c:55:13:Generate_Stop_Condition	16	static
../Drivers/stm32f401_i2c.c:63:13:Send_Slave_Address	24	static
../Drivers/stm32f401_i2c.c:90:13:Clear_Addr_Flag	24	static
../Drivers/stm32f401_i2c.c:120:6:I2C_Config	24	static
../Drivers/stm32f401_i2c.c:132:6:I2C_DeInit	16	static
../Drivers/stm32f401_i2c.c:175:6:I2C_Init	40	static
../Drivers/stm32f401_i2c.c:285:6:I2C_MasterTransmit	24	static
../Drivers/stm32f401_i2c.c:345:6:I2C_MasterRecieve	24	static
../Drivers/stm32f401_i2c.c:425:13:Enable_Interrupt_Handler	16	static
../Drivers/stm32f401_i2c.c:451:13:I2C_EndDataTransmission	16	static
../Drivers/stm32f401_i2c.c:468:13:MasterTransmit_TxEInterrupt	16	static
../Drivers/stm32f401_i2c.c:487:13:MasterRecieve_RXNEInterrupt	16	static
../Drivers/stm32f401_i2c.c:537:6:I2C_MasterTransmitIT	24	static
../Drivers/stm32f401_i2c.c:563:6:I2C_MasterRecieveIT	24	static
../Drivers/stm32f401_i2c.c:595:6:IRQ_Event_Handler	24	static
../Drivers/stm32f401_i2c.c:665:6:IRQ_Error_Handler	24	static
