C:/Users/klaze/Documents/Chip Headers/CMSIS/Include/core_cm4.h:1688:22:__NVIC_EnableIRQ	16	static
../Drivers/stm32f401_i2c.c:6:13:Enable_I2C_Periph	48	static
../Drivers/stm32f401_i2c.c:16:13:Generate_Start_Condition	16	static
../Drivers/stm32f401_i2c.c:24:20:Check_Flag	16	static
../Drivers/stm32f401_i2c.c:41:13:Generate_Stop_Condition	16	static
../Drivers/stm32f401_i2c.c:49:13:Send_Slave_Address	24	static
../Drivers/stm32f401_i2c.c:73:13:Clear_Addr_Flag	24	static
../Drivers/stm32f401_i2c.c:101:6:I2C_Config	24	static
../Drivers/stm32f401_i2c.c:113:6:I2C_DeInit	16	static
../Drivers/stm32f401_i2c.c:137:6:I2C_Init	40	static
../Drivers/stm32f401_i2c.c:235:6:I2C_MasterTransmit	24	static
../Drivers/stm32f401_i2c.c:283:6:I2C_MasterRecieve	24	static
../Drivers/stm32f401_i2c.c:350:13:Enable_Interrupt_Handler	16	static
../Drivers/stm32f401_i2c.c:371:13:I2C_EndDataTransmission	16	static
../Drivers/stm32f401_i2c.c:384:13:MasterTransmit_TxEInterrupt	16	static
../Drivers/stm32f401_i2c.c:402:13:MasterRecieve_RXNEInterrupt	16	static
../Drivers/stm32f401_i2c.c:460:6:I2C_MasterTransmitIT	24	static
../Drivers/stm32f401_i2c.c:487:6:I2C_MasterRecieveIT	24	static
../Drivers/stm32f401_i2c.c:518:6:IRQ_Event_Handler	24	static
