C:/Users/klaze/Documents/Chip Headers/CMSIS/Include/core_cm4.h:1688:22:__NVIC_EnableIRQ	16	static
../Drivers/Src/stm32f401_gpio.c:68:6:GPIO_Config	24	static
../Drivers/Src/stm32f401_gpio.c:87:6:GPIO_PeriphClck	16	static
../Drivers/Src/stm32f401_gpio.c:171:6:GPIO_AlternateFunctionConfig	24	static
../Drivers/Src/stm32f401_gpio.c:210:6:GPIO_Init	24	static
../Drivers/Src/stm32f401_gpio.c:273:6:SPI1_Periph_Enable	48	static
../Drivers/Src/stm32f401_gpio.c:329:6:SPI2_Periph_Enable	48	static
../Drivers/Src/stm32f401_gpio.c:385:6:SPI3_Periph_Enable	48	static
../Drivers/Src/stm32f401_gpio.c:444:6:SPI4_Periph_Enable	48	static
../Drivers/Src/stm32f401_gpio.c:493:6:GPIO_WritePin	24	static
../Drivers/Src/stm32f401_gpio.c:517:6:GPIO_WriteBit	16	static
../Drivers/Src/stm32f401_gpio.c:546:6:GPIO_WritePort	16	static
../Drivers/Src/stm32f401_gpio.c:559:9:GPIO_ReadPin	24	static
../Drivers/Src/stm32f401_gpio.c:577:10:GPIO_ReadPort	24	static
../Drivers/Src/stm32f401_gpio.c:602:6:GPIO_ConfigLEDPA5	48	static
../Drivers/Src/stm32f401_gpio.c:624:9:GPIO_ConfigButtonPC13	40	static
../Drivers/Src/stm32f401_gpio.c:668:6:GPIO_EXTIConfig	24	static
